2026-08-12 12:49:32,646:DEBUG:certbot._internal.main:certbot version: 5.6.0
2026-08-12 12:49:32,646:DEBUG:certbot._internal.main:Location of certbot entry point: /opt/certbot/bin/certbot
2026-08-12 12:49:32,646:DEBUG:certbot._internal.main:Arguments: ['-n', '--config', '/etc/letsencrypt.ini', '--work-dir', '/tmp/letsencrypt-lib', '--logs-dir', '/data/logs', '--cert-name', 'npm-1', '--agree-tos', '--authenticator', 'webroot', '-m', 'fabiantfandi@gmail.com', '--preferred-challenges', 'http', '--domains', 'mi-api-fabiant.duckdns.org']
2026-08-12 12:49:32,646:DEBUG:certbot._internal.main:Discovered plugins: PluginsRegistry(PluginEntryPoint#manual,PluginEntryPoint#null,PluginEntryPoint#standalone,PluginEntryPoint#webroot)
2026-08-12 12:49:32,658:DEBUG:certbot._internal.log:Root logging level set at 30
2026-08-12 12:49:32,661:DEBUG:certbot._internal.plugins.selection:Requested authenticator webroot and installer None
2026-08-12 12:49:32,661:DEBUG:certbot._internal.plugins.selection:Single candidate plugin: * webroot
Description: Saves the necessary validation files to a .well-known/acme-challenge/ directory within the nominated webroot path. A separate HTTP server must be running and serving files from the webroot path. HTTP challenge only (wildcards not supported).
Interfaces: Authenticator, Plugin
Entry point: EntryPoint(name='webroot', value='certbot._internal.plugins.webroot:Authenticator', group='certbot.plugins')
Initialized: <certbot._internal.plugins.webroot.Authenticator object at 0x75b2a8717cb0>
Prep: True
2026-08-12 12:49:32,661:DEBUG:certbot._internal.plugins.selection:Selected authenticator <certbot._internal.plugins.webroot.Authenticator object at 0x75b2a8717cb0> and installer None
2026-08-12 12:49:32,661:INFO:certbot._internal.plugins.selection:Plugins selected: Authenticator webroot, Installer None
2026-08-12 12:49:32,729:DEBUG:acme.client:Sending GET request to https://acme-v02.api.letsencrypt.org/directory.
2026-08-12 12:49:32,731:DEBUG:urllib3.connectionpool:Starting new HTTPS connection (1): acme-v02.api.letsencrypt.org:443
2026-08-12 12:49:33,914:DEBUG:urllib3.connectionpool:https://acme-v02.api.letsencrypt.org:443 "GET /directory HTTP/1.1" 200 961
2026-08-12 12:49:33,914:DEBUG:acme.client:Received response:
HTTP 200
Server: nginx
Date: Wed, 12 Aug 2026 12:49:33 GMT
Content-Type: application/json
Content-Length: 961
Connection: keep-alive
Cache-Control: public, max-age=0, no-cache
X-Frame-Options: DENY
Strict-Transport-Security: max-age=604800

{
  "_TtsnTVB6sY": "https://community.letsencrypt.org/t/adding-random-entries-to-the-directory/33417",
  "keyChange": "https://acme-v02.api.letsencrypt.org/acme/key-change",
  "meta": {
    "caaIdentities": [
      "letsencrypt.org"
    ],
    "profiles": {
      "classic": "https://letsencrypt.org/docs/profiles#classic",
      "shortlived": "https://letsencrypt.org/docs/profiles#shortlived",
      "tlsserver": "https://letsencrypt.org/docs/profiles#tlsserver"
    },
    "termsOfService": "https://letsencrypt.org/documents/LE-SA-v1.8-July-06-2026.pdf",
    "website": "https://letsencrypt.org"
  },
  "newAccount": "https://acme-v02.api.letsencrypt.org/acme/new-acct",
  "newNonce": "https://acme-v02.api.letsencrypt.org/acme/new-nonce",
  "newOrder": "https://acme-v02.api.letsencrypt.org/acme/new-order",
  "renewalInfo": "https://acme-v02.api.letsencrypt.org/acme/renewal-info",
  "revokeCert": "https://acme-v02.api.letsencrypt.org/acme/revoke-cert"
}
2026-08-12 12:49:33,914:DEBUG:acme.client:Requesting fresh nonce
2026-08-12 12:49:33,914:DEBUG:acme.client:Sending HEAD request to https://acme-v02.api.letsencrypt.org/acme/new-nonce.
2026-08-12 12:49:34,191:DEBUG:urllib3.connectionpool:https://acme-v02.api.letsencrypt.org:443 "HEAD /acme/new-nonce HTTP/1.1" 200 0
2026-08-12 12:49:34,191:DEBUG:acme.client:Received response:
HTTP 200
Server: nginx
Date: Wed, 12 Aug 2026 12:49:34 GMT
Connection: keep-alive
Cache-Control: public, max-age=0, no-cache
Link: <https://acme-v02.api.letsencrypt.org/directory>;rel="index"
Replay-Nonce: tbOeiku_cn-WBJkFj1zwRNsetT1T3fPz0SVXYfZzBXuCFj2iJuU
X-Frame-Options: DENY
Strict-Transport-Security: max-age=604800


2026-08-12 12:49:34,191:DEBUG:acme.client:Storing nonce: tbOeiku_cn-WBJkFj1zwRNsetT1T3fPz0SVXYfZzBXuCFj2iJuU
2026-08-12 12:49:34,191:DEBUG:acme.client:JWS payload:
b'{\n  "contact": [\n    "mailto:fabiantfandi@gmail.com"\n  ],\n  "termsOfServiceAgreed": true\n}'
2026-08-12 12:49:34,193:DEBUG:acme.client:Sending POST request to https://acme-v02.api.letsencrypt.org/acme/new-acct:
{
  "protected": "eyJhbGciOiAiUlMyNTYiLCAiandrIjogeyJuIjogIm84RGpxM1h1QTFpY3ZtazZ0alVEdTJ6OFNGdXZZeDN5SVdPcEFwT1NpZjM5clotU255WWk2NHBvTE1VV051TkpiQ3d2SE5Xdmt0Q0tRX2pDY192dEk0YWgtZnhvT2g3SUlyN0JGYms5TnpCa2dZVm9XZ21NUkx5a0lZX3U0X3p6SlQxT1NlRkFPTFkySXRzTjlDcEotM01mVXVIRmdHcDBYdHV1OWtzbkVSUU9IUmVTZll2d2NubXMwTDVmZzFpTzVJWlBHOWxuaUdyQW5VQ2g3ZENjMDVOXzNvbXZ4cjNOT2VJdWQ2eEJlMXRXd3lBSG0wTzVHM1pXb29ubXJkcXhwSDVkYTJ5R09iRXFRN2NubTB1a0NhZFVMaWNMQ3RkNGt0TFBQdjAwa0ZBeWJYeDJqN08yRjFHbVZFSWFoeGJmZDJ6aW90bzlfN2RoR0NlM0tUY2xldyIsICJlIjogIkFRQUIiLCAia3R5IjogIlJTQSJ9LCAibm9uY2UiOiAidGJPZWlrdV9jbi1XQkprRmoxendSTnNldFQxVDNmUHowU1ZYWWZaekJYdUNGajJpSnVVIiwgInVybCI6ICJodHRwczovL2FjbWUtdjAyLmFwaS5sZXRzZW5jcnlwdC5vcmcvYWNtZS9uZXctYWNjdCJ9",
  "signature": "og9C_yFvudYxG9YER6tp6vs7ofQveIk8nhyr8aK_tY6jcZIyaLQd-BVV20Icy4eI_ve0Hlt_vKhvUegYOagTCtnSDGVr5dVdfCnC0WfuZsJi17AXwoktmlrYqcgzpUPOhlUmLFv7PzwyBHbp4f7Z7tm0XRndyom9B5Z65PdX7Xissl1FlTiECksgtH2zI4hqAuhDxqCVanzHKyfAQqOIQ50bSObbslq7KJ6aGEAYQAsNHMYe5K2m1th0Sy02ZaZYbdtIzEwmdbu3TTOnSex4FbczGiizlDL4N44DqW5EvJ2ClkHRojqEBI4ccHIGBAeEq7ilvf4mETerQEziVzcwFg",
  "payload": "ewogICJjb250YWN0IjogWwogICAgIm1haWx0bzpmYWJpYW50ZmFuZGlAZ21haWwuY29tIgogIF0sCiAgInRlcm1zT2ZTZXJ2aWNlQWdyZWVkIjogdHJ1ZQp9"
}
2026-08-12 12:49:34,525:DEBUG:urllib3.connectionpool:https://acme-v02.api.letsencrypt.org:443 "POST /acme/new-acct HTTP/1.1" 201 477
2026-08-12 12:49:34,526:DEBUG:acme.client:Received response:
HTTP 201
Server: nginx
Date: Wed, 12 Aug 2026 12:49:34 GMT
Content-Type: application/json
Content-Length: 477
Connection: keep-alive
Boulder-Requester: 3624102601
Cache-Control: public, max-age=0, no-cache
Link: <https://acme-v02.api.letsencrypt.org/directory>;rel="index", <https://letsencrypt.org/documents/LE-SA-v1.8-July-06-2026.pdf>;rel="terms-of-service"
Location: https://acme-v02.api.letsencrypt.org/acme/acct/3624102601
Replay-Nonce: IBwqG9m1FIGBI1pwi6vxSoko0KVaSZi4B1HxxTs8pN2NsDoyxcU
X-Frame-Options: DENY
Strict-Transport-Security: max-age=604800

{
  "key": {
    "kty": "RSA",
    "n": "o8Djq3XuA1icvmk6tjUDu2z8SFuvYx3yIWOpApOSif39rZ-SnyYi64poLMUWNuNJbCwvHNWvktCKQ_jCc_vtI4ah-fxoOh7IIr7BFbk9NzBkgYVoWgmMRLykIY_u4_zzJT1OSeFAOLY2ItsN9CpJ-3MfUuHFgGp0Xtuu9ksnERQOHReSfYvwcnms0L5fg1iO5IZPG9lniGrAnUCh7dCc05N_3omvxr3NOeIud6xBe1tWwyAHm0O5G3ZWoonmrdqxpH5da2yGObEqQ7cnm0ukCadULicLCtd4ktLPPv00kFAybXx2j7O2F1GmVEIahxbfd2zioto9_7dhGCe3KTclew",
    "e": "AQAB"
  },
  "createdAt": "2026-08-12T12:49:34.362918625Z",
  "status": "valid"
}
2026-08-12 12:49:34,526:DEBUG:acme.client:Storing nonce: IBwqG9m1FIGBI1pwi6vxSoko0KVaSZi4B1HxxTs8pN2NsDoyxcU
2026-08-12 12:49:34,527:DEBUG:certbot._internal.display.obj:Notifying user: Account registered.
2026-08-12 12:49:34,527:DEBUG:certbot._internal.main:Picked account: <Account(RegistrationResource(body=Registration(key=JWKRSA(key=<ComparableRSAKey(<cryptography.hazmat.bindings._rust.openssl.rsa.RSAPublicKey object at 0x75b2a85c89d0>)>), contact=(), agreement=None, status='valid', terms_of_service_agreed=None, only_return_existing=None, external_account_binding=None), uri='https://acme-v02.api.letsencrypt.org/acme/acct/3624102601', new_authzr_uri=None, terms_of_service='https://letsencrypt.org/documents/LE-SA-v1.8-July-06-2026.pdf'), 3bf6aa8b4e14c4d2b606a8c25d667067, Meta(creation_dt=datetime.datetime(2026, 8, 12, 12, 49, 34, tzinfo=datetime.timezone.utc), creation_host='4ffe45c5a212', register_to_eff=None))>
2026-08-12 12:49:34,527:DEBUG:certbot._internal.display.obj:Notifying user: Requesting a certificate for mi-api-fabiant.duckdns.org
2026-08-12 12:49:34,528:DEBUG:acme.client:JWS payload:
b'{\n  "identifiers": [\n    {\n      "type": "dns",\n      "value": "mi-api-fabiant.duckdns.org"\n    }\n  ]\n}'
2026-08-12 12:49:34,529:DEBUG:acme.client:Sending POST request to https://acme-v02.api.letsencrypt.org/acme/new-order:
{
  "protected": "eyJhbGciOiAiUlMyNTYiLCAia2lkIjogImh0dHBzOi8vYWNtZS12MDIuYXBpLmxldHNlbmNyeXB0Lm9yZy9hY21lL2FjY3QvMzYyNDEwMjYwMSIsICJub25jZSI6ICJJQndxRzltMUZJR0JJMXB3aTZ2eFNva28wS1ZhU1ppNEIxSHh4VHM4cE4yTnNEb3l4Y1UiLCAidXJsIjogImh0dHBzOi8vYWNtZS12MDIuYXBpLmxldHNlbmNyeXB0Lm9yZy9hY21lL25ldy1vcmRlciJ9",
  "signature": "lXjxrWf1cEgcDYX8vSje4I8J5WIGCqFxliUYQF7VbjHw3ANESsO9maipDrCfwQl58XHv_GcodwhZ1_IbZDXIfbEO3tL5xCU4YjxmT98f8j8leWFEKbj4AkDdNL1T2M50NIbtCdpJ2t8yQwg4qzVjnxr1wNksEf92Nvq6x5jzuE6zRjcAjtLh4sBkaDBm9pdN1F033nwTepkqE8SBK1MXzp7kN7iPFOuujv6FGf-4t0bW51PDSdXom7CJzPuSzNQ4ruMuRMnMFjtUwnFGIEDY6vP1mUgPDKze9q29FWkOJjXON66jXPvQQxNdSpJkdjv6bd_l-55LfVWK9gX23RyCZQ",
  "payload": "ewogICJpZGVudGlmaWVycyI6IFsKICAgIHsKICAgICAgInR5cGUiOiAiZG5zIiwKICAgICAgInZhbHVlIjogIm1pLWFwaS1mYWJpYW50LmR1Y2tkbnMub3JnIgogICAgfQogIF0KfQ"
}
2026-08-12 12:49:34,940:DEBUG:urllib3.connectionpool:https://acme-v02.api.letsencrypt.org:443 "POST /acme/new-order HTTP/1.1" 201 360
2026-08-12 12:49:34,941:DEBUG:acme.client:Received response:
HTTP 201
Server: nginx
Date: Wed, 12 Aug 2026 12:49:34 GMT
Content-Type: application/json
Content-Length: 360
Connection: keep-alive
Boulder-Requester: 3624102601
Cache-Control: public, max-age=0, no-cache
Link: <https://acme-v02.api.letsencrypt.org/directory>;rel="index"
Location: https://acme-v02.api.letsencrypt.org/acme/order/3624102601/544062295771
Replay-Nonce: tbOeiku_ezrjdq0b2DyoeusvFAft1nSTbjJoCWLxwNBDOIcE4qA
X-Frame-Options: DENY
Strict-Transport-Security: max-age=604800

{
  "status": "pending",
  "expires": "2026-08-19T12:49:34Z",
  "identifiers": [
    {
      "type": "dns",
      "value": "mi-api-fabiant.duckdns.org"
    }
  ],
  "authorizations": [
    "https://acme-v02.api.letsencrypt.org/acme/authz/3624102601/758153643211"
  ],
  "finalize": "https://acme-v02.api.letsencrypt.org/acme/finalize/3624102601/544062295771"
}
2026-08-12 12:49:34,941:DEBUG:acme.client:Storing nonce: tbOeiku_ezrjdq0b2DyoeusvFAft1nSTbjJoCWLxwNBDOIcE4qA
2026-08-12 12:49:34,941:DEBUG:acme.client:JWS payload:
b''
2026-08-12 12:49:34,942:DEBUG:acme.client:Sending POST request to https://acme-v02.api.letsencrypt.org/acme/authz/3624102601/758153643211:
{
  "protected": "eyJhbGciOiAiUlMyNTYiLCAia2lkIjogImh0dHBzOi8vYWNtZS12MDIuYXBpLmxldHNlbmNyeXB0Lm9yZy9hY21lL2FjY3QvMzYyNDEwMjYwMSIsICJub25jZSI6ICJ0Yk9laWt1X2V6cmpkcTBiMkR5b2V1c3ZGQWZ0MW5TVGJqSm9DV0x4d05CRE9JY0U0cUEiLCAidXJsIjogImh0dHBzOi8vYWNtZS12MDIuYXBpLmxldHNlbmNyeXB0Lm9yZy9hY21lL2F1dGh6LzM2MjQxMDI2MDEvNzU4MTUzNjQzMjExIn0",
  "signature": "dsqpCFyWmC3hsSZTZz6gjzPPhmTpgapKjWDeTS2izT3EnZWCQR5F7OFAzQ_IZTpMXxN1IBWaYTCUuuV-VcARBBs7xfnBrNJig6JIcLloRE_K8OfyVBEVIQlH0P7U83-GXcHvaO1NBSnOXbf-UR7-QKSrYkWc3vcBjOAv0MF3SwPPR_njhErMxm6aeklDYVNbO0qEM0il6Sk4UjJXRAqeVZw_VNYHWo-sAlYqUhpydv3SL4YWA2W-ZQCYoCSjo2u6_V8k0L3MheN5Z0iNalNu-dEIGp_yTwe4Q2v9nkNGbnPaN3lJpi3pG0gtyJ4lujz1hnaTo2tGzgUTMcWZcpoHVQ",
  "payload": ""
}
2026-08-12 12:49:35,222:DEBUG:urllib3.connectionpool:https://acme-v02.api.letsencrypt.org:443 "POST /acme/authz/3624102601/758153643211 HTTP/1.1" 200 834
2026-08-12 12:49:35,222:DEBUG:acme.client:Received response:
HTTP 200
Server: nginx
Date: Wed, 12 Aug 2026 12:49:35 GMT
Content-Type: application/json
Content-Length: 834
Connection: keep-alive
Boulder-Requester: 3624102601
Cache-Control: public, max-age=0, no-cache
Link: <https://acme-v02.api.letsencrypt.org/directory>;rel="index"
Replay-Nonce: tbOeiku_hRVPy1SY_uz-H9l0KPaw4DmHdrDJEZS2_PowVR9QbDY
X-Frame-Options: DENY
Strict-Transport-Security: max-age=604800

{
  "identifier": {
    "type": "dns",
    "value": "mi-api-fabiant.duckdns.org"
  },
  "status": "pending",
  "expires": "2026-08-19T12:49:34Z",
  "challenges": [
    {
      "type": "tls-alpn-01",
      "url": "https://acme-v02.api.letsencrypt.org/acme/chall/3624102601/758153643211/qdH6Mg",
      "status": "pending",
      "token": "m-EfvUTZUC7XN7SG32n9gFq8d5xWCEiCrEKevV2ocDI"
    },
    {
      "type": "dns-01",
      "url": "https://acme-v02.api.letsencrypt.org/acme/chall/3624102601/758153643211/BQ0DWA",
      "status": "pending",
      "token": "m-EfvUTZUC7XN7SG32n9gFq8d5xWCEiCrEKevV2ocDI"
    },
    {
      "type": "http-01",
      "url": "https://acme-v02.api.letsencrypt.org/acme/chall/3624102601/758153643211/tQvPjQ",
      "status": "pending",
      "token": "m-EfvUTZUC7XN7SG32n9gFq8d5xWCEiCrEKevV2ocDI"
    }
  ]
}
2026-08-12 12:49:35,222:DEBUG:acme.client:Storing nonce: tbOeiku_hRVPy1SY_uz-H9l0KPaw4DmHdrDJEZS2_PowVR9QbDY
2026-08-12 12:49:35,222:DEBUG:acme.challenges:tls-alpn-01 was not recognized, full message: {'type': 'tls-alpn-01', 'url': 'https://acme-v02.api.letsencrypt.org/acme/chall/3624102601/758153643211/qdH6Mg', 'status': 'pending', 'token': 'm-EfvUTZUC7XN7SG32n9gFq8d5xWCEiCrEKevV2ocDI'}
2026-08-12 12:49:35,223:INFO:certbot._internal.auth_handler:Performing the following challenges:
2026-08-12 12:49:35,223:INFO:certbot._internal.auth_handler:http-01 challenge for Identifier(typ=IdentifierType(dns), value='mi-api-fabiant.duckdns.org')
2026-08-12 12:49:35,223:INFO:certbot._internal.plugins.webroot:Using the webroot path /data/letsencrypt-acme-challenge for all unmatched identifiers.
2026-08-12 12:49:35,223:DEBUG:certbot._internal.plugins.webroot:Creating root challenges validation dir at /data/letsencrypt-acme-challenge/.well-known/acme-challenge
2026-08-12 12:49:35,224:DEBUG:certbot._internal.plugins.webroot:Attempting to save validation to /data/letsencrypt-acme-challenge/.well-known/acme-challenge/m-EfvUTZUC7XN7SG32n9gFq8d5xWCEiCrEKevV2ocDI
2026-08-12 12:49:35,224:DEBUG:acme.client:JWS payload:
b'{}'
2026-08-12 12:49:35,225:DEBUG:acme.client:Sending POST request to https://acme-v02.api.letsencrypt.org/acme/chall/3624102601/758153643211/tQvPjQ:
{
  "protected": "eyJhbGciOiAiUlMyNTYiLCAia2lkIjogImh0dHBzOi8vYWNtZS12MDIuYXBpLmxldHNlbmNyeXB0Lm9yZy9hY21lL2FjY3QvMzYyNDEwMjYwMSIsICJub25jZSI6ICJ0Yk9laWt1X2hSVlB5MVNZX3V6LUg5bDBLUGF3NERtSGRyREpFWlMyX1Bvd1ZSOVFiRFkiLCAidXJsIjogImh0dHBzOi8vYWNtZS12MDIuYXBpLmxldHNlbmNyeXB0Lm9yZy9hY21lL2NoYWxsLzM2MjQxMDI2MDEvNzU4MTUzNjQzMjExL3RRdlBqUSJ9",
  "signature": "D9TJYhnaYdhYcM3MWtOhxA0FqCBKLw2wNExvhW7xq12e-v66TUblytno-w9kDlhJkEdlBZolkaCSM9aoaDzk1goHu07nb7zw8lxi2Xs31I27E_VKeX_Xq_HdXz6uX5kz0hrEqxPnmK5_M5VQultT7UbLEN38nBY66NZIwvoLywuiP05qxiK9vYPGCzckZrLx5YlIPxJQ2ZBkiU57Ecj0rscbQBugtCtdEuSH1SfT8ieSAk1M9OrM5oTPMwwk0khWbOMpYXP2QIk6FrKI-Vjoyd1uzvuE8TejGHH5_do1LR-E5OSD8-BdIgS7YUgB6z2BLMnv2SL0BjtSg3-eEu0OuA",
  "payload": "e30"
}
2026-08-12 12:49:35,506:DEBUG:urllib3.connectionpool:https://acme-v02.api.letsencrypt.org:443 "POST /acme/chall/3624102601/758153643211/tQvPjQ HTTP/1.1" 200 195
2026-08-12 12:49:35,506:DEBUG:acme.client:Received response:
HTTP 200
Server: nginx
Date: Wed, 12 Aug 2026 12:49:35 GMT
Content-Type: application/json
Content-Length: 195
Connection: keep-alive
Boulder-Requester: 3624102601
Cache-Control: public, max-age=0, no-cache
Link: <https://acme-v02.api.letsencrypt.org/directory>;rel="index", <https://acme-v02.api.letsencrypt.org/acme/authz/3624102601/758153643211>;rel="up"
Location: https://acme-v02.api.letsencrypt.org/acme/chall/3624102601/758153643211/tQvPjQ
Replay-Nonce: tbOeiku_c2RfuMAljgkd0GY2-zajcPxw570gL1rQhAZ7E5tqWMM
X-Frame-Options: DENY
Strict-Transport-Security: max-age=604800

{
  "type": "http-01",
  "url": "https://acme-v02.api.letsencrypt.org/acme/chall/3624102601/758153643211/tQvPjQ",
  "status": "pending",
  "token": "m-EfvUTZUC7XN7SG32n9gFq8d5xWCEiCrEKevV2ocDI"
}
2026-08-12 12:49:35,506:DEBUG:acme.client:Storing nonce: tbOeiku_c2RfuMAljgkd0GY2-zajcPxw570gL1rQhAZ7E5tqWMM
2026-08-12 12:49:35,506:INFO:certbot._internal.auth_handler:Waiting for verification...
2026-08-12 12:49:36,506:DEBUG:acme.client:JWS payload:
b''
2026-08-12 12:49:36,507:DEBUG:acme.client:Sending POST request to https://acme-v02.api.letsencrypt.org/acme/authz/3624102601/758153643211:
{
  "protected": "eyJhbGciOiAiUlMyNTYiLCAia2lkIjogImh0dHBzOi8vYWNtZS12MDIuYXBpLmxldHNlbmNyeXB0Lm9yZy9hY21lL2FjY3QvMzYyNDEwMjYwMSIsICJub25jZSI6ICJ0Yk9laWt1X2MyUmZ1TUFsamdrZDBHWTItemFqY1B4dzU3MGdMMXJRaEFaN0U1dHFXTU0iLCAidXJsIjogImh0dHBzOi8vYWNtZS12MDIuYXBpLmxldHNlbmNyeXB0Lm9yZy9hY21lL2F1dGh6LzM2MjQxMDI2MDEvNzU4MTUzNjQzMjExIn0",
  "signature": "eSSVKk7MTlQlolWwYoAuIQyRB2aVinaSz7B8bAK_yTY302GyVvrQP20x3njIJcl9qjMmw_yMi6rmehczsyHr631Pmzqb4ANbhmJxHLBNiu0NMFwTA3pjX_b6Hw1WB35OzcBqkU1utUKJtcpcQ7RxOT0Io7satRi84l9xMCkwAmAq1ImV1DH3QXRhZMmbiaDi1ArpIa3IRI_M-sQvSj3E12BUAmZAWS8SBBm-3jY2etWtz5-erhBqLMYo6ne3iS0VXGNHMaNUWbAEsRnEX2jRWq4NdCRW4_vK-pRJDTGygUnnZsWSxxj_f80nAgpJoawM0LHUJyuN5pFeonWRTafvYw",
  "payload": ""
}
2026-08-12 12:49:36,787:DEBUG:urllib3.connectionpool:https://acme-v02.api.letsencrypt.org:443 "POST /acme/authz/3624102601/758153643211 HTTP/1.1" 200 834
2026-08-12 12:49:36,787:DEBUG:acme.client:Received response:
HTTP 200
Server: nginx
Date: Wed, 12 Aug 2026 12:49:36 GMT
Content-Type: application/json
Content-Length: 834
Connection: keep-alive
Boulder-Requester: 3624102601
Cache-Control: public, max-age=0, no-cache
Link: <https://acme-v02.api.letsencrypt.org/directory>;rel="index"
Replay-Nonce: tbOeiku_DhaS8mONzWEDYKBNBGJdGW9Jlc-yOYqGluAKOajC16k
X-Frame-Options: DENY
Strict-Transport-Security: max-age=604800

{
  "identifier": {
    "type": "dns",
    "value": "mi-api-fabiant.duckdns.org"
  },
  "status": "pending",
  "expires": "2026-08-19T12:49:34Z",
  "challenges": [
    {
      "type": "dns-01",
      "url": "https://acme-v02.api.letsencrypt.org/acme/chall/3624102601/758153643211/BQ0DWA",
      "status": "pending",
      "token": "m-EfvUTZUC7XN7SG32n9gFq8d5xWCEiCrEKevV2ocDI"
    },
    {
      "type": "tls-alpn-01",
      "url": "https://acme-v02.api.letsencrypt.org/acme/chall/3624102601/758153643211/qdH6Mg",
      "status": "pending",
      "token": "m-EfvUTZUC7XN7SG32n9gFq8d5xWCEiCrEKevV2ocDI"
    },
    {
      "type": "http-01",
      "url": "https://acme-v02.api.letsencrypt.org/acme/chall/3624102601/758153643211/tQvPjQ",
      "status": "pending",
      "token": "m-EfvUTZUC7XN7SG32n9gFq8d5xWCEiCrEKevV2ocDI"
    }
  ]
}
2026-08-12 12:49:36,787:DEBUG:acme.client:Storing nonce: tbOeiku_DhaS8mONzWEDYKBNBGJdGW9Jlc-yOYqGluAKOajC16k
2026-08-12 12:49:36,787:DEBUG:acme.challenges:tls-alpn-01 was not recognized, full message: {'type': 'tls-alpn-01', 'url': 'https://acme-v02.api.letsencrypt.org/acme/chall/3624102601/758153643211/qdH6Mg', 'status': 'pending', 'token': 'm-EfvUTZUC7XN7SG32n9gFq8d5xWCEiCrEKevV2ocDI'}
2026-08-12 12:49:39,787:DEBUG:acme.client:JWS payload:
b''
2026-08-12 12:49:39,788:DEBUG:acme.client:Sending POST request to https://acme-v02.api.letsencrypt.org/acme/authz/3624102601/758153643211:
{
  "protected": "eyJhbGciOiAiUlMyNTYiLCAia2lkIjogImh0dHBzOi8vYWNtZS12MDIuYXBpLmxldHNlbmNyeXB0Lm9yZy9hY21lL2FjY3QvMzYyNDEwMjYwMSIsICJub25jZSI6ICJ0Yk9laWt1X0RoYVM4bU9OeldFRFlLQk5CR0pkR1c5SmxjLXlPWXFHbHVBS09hakMxNmsiLCAidXJsIjogImh0dHBzOi8vYWNtZS12MDIuYXBpLmxldHNlbmNyeXB0Lm9yZy9hY21lL2F1dGh6LzM2MjQxMDI2MDEvNzU4MTUzNjQzMjExIn0",
  "signature": "XMWVkSrY0ONmRnfEchOKYiBYFVofr8RBnuD5Zpg5BjMCL3vJQvMCXULjK50HM_ExmYvyN6qqh9dOnEgx6hmbMJ3pylL9fvw9piR4ghzaRk2udTfJUjNPm4dW3oPu7Bn7GtmrTGkJDfFgiGyD1RZoC5MRSISFPEOlHSylM0NRePwLWRsKswD4kAypLddTVNxT0NLE44PBmt77Xxj06GB1TAGKd0CAWWuaV4V6v3gr_rOOkFz1oER6jdI7ly71BwsNfPdoEI92Kah1Uc3HJ8ZRFTaFjf1IF4MAMdh2_04-O3ocDQqMJObeQ4OB_Xfr7LpRozNkxdEvN6f1tzfJ9f5nmg",
  "payload": ""
}
2026-08-12 12:49:40,067:DEBUG:urllib3.connectionpool:https://acme-v02.api.letsencrypt.org:443 "POST /acme/authz/3624102601/758153643211 HTTP/1.1" 200 801
2026-08-12 12:49:40,068:DEBUG:acme.client:Received response:
HTTP 200
Server: nginx
Date: Wed, 12 Aug 2026 12:49:39 GMT
Content-Type: application/json
Content-Length: 801
Connection: keep-alive
Boulder-Requester: 3624102601
Cache-Control: public, max-age=0, no-cache
Link: <https://acme-v02.api.letsencrypt.org/directory>;rel="index"
Replay-Nonce: IBwqG9m1EohWJ6f3kSVp0fsOPvFClXMvLtxegotlcXeUVFj4eVA
X-Frame-Options: DENY
Strict-Transport-Security: max-age=604800

{
  "identifier": {
    "type": "dns",
    "value": "mi-api-fabiant.duckdns.org"
  },
  "status": "valid",
  "expires": "2026-09-11T12:49:37Z",
  "challenges": [
    {
      "type": "http-01",
      "url": "https://acme-v02.api.letsencrypt.org/acme/chall/3624102601/758153643211/tQvPjQ",
      "status": "valid",
      "validated": "2026-08-12T12:49:35Z",
      "token": "m-EfvUTZUC7XN7SG32n9gFq8d5xWCEiCrEKevV2ocDI",
      "validationRecord": [
        {
          "url": "http://mi-api-fabiant.duckdns.org/.well-known/acme-challenge/m-EfvUTZUC7XN7SG32n9gFq8d5xWCEiCrEKevV2ocDI",
          "hostname": "mi-api-fabiant.duckdns.org",
          "port": "80",
          "addressesResolved": [
            "157.137.237.4"
          ],
          "addressUsed": "157.137.237.4"
        }
      ]
    }
  ]
}
2026-08-12 12:49:40,068:DEBUG:acme.client:Storing nonce: IBwqG9m1EohWJ6f3kSVp0fsOPvFClXMvLtxegotlcXeUVFj4eVA
2026-08-12 12:49:40,068:DEBUG:certbot._internal.error_handler:Calling registered functions
2026-08-12 12:49:40,068:INFO:certbot._internal.auth_handler:Cleaning up challenges
2026-08-12 12:49:40,068:DEBUG:certbot._internal.plugins.webroot:Removing /data/letsencrypt-acme-challenge/.well-known/acme-challenge/m-EfvUTZUC7XN7SG32n9gFq8d5xWCEiCrEKevV2ocDI
2026-08-12 12:49:40,068:DEBUG:certbot._internal.plugins.webroot:All challenges cleaned up
2026-08-12 12:49:40,068:DEBUG:certbot._internal.client:CSR: CSR(file=None, data=b'-----BEGIN CERTIFICATE REQUEST-----\nMIIBMDCBtwIBADAAMHYwEAYHKoZIzj0CAQYFK4EEACIDYgAE2/1MJ0guQvQ2pO/w\niDIhFTucnBoCYF3UXRzn3JJ7kmiBpFw4BEE6Dni/yFgfAm+Qlsz9PpbqYQSTXGTC\nV0rpIAL1q/T+cieKaNgA8pEWn9KBIASLrXcghxP4tUtvKbeToDgwNgYJKoZIhvcN\nAQkOMSkwJzAlBgNVHREEHjAcghptaS1hcGktZmFiaWFudC5kdWNrZG5zLm9yZzAK\nBggqhkjOPQQDAgNoADBlAjEA3fsV3cb1IrlX+XAKjFgGzR6oGxRAWbHQWDk/xUrI\nNcKBdlLtfEBYauLh2PrVyvalAjBBRQrBRf86XknQBMlAeZ9MEl2R4nR3HuHRZ3dp\nCuap81rsaIBZdh79WcTTZFGndjM=\n-----END CERTIFICATE REQUEST-----\n', form='pem')
2026-08-12 12:49:40,069:DEBUG:certbot._internal.client:Will poll for certificate issuance until 2026-08-12 12:51:10.069062
2026-08-12 12:49:40,069:DEBUG:acme.client:JWS payload:
b'{\n  "csr": "MIIBMDCBtwIBADAAMHYwEAYHKoZIzj0CAQYFK4EEACIDYgAE2_1MJ0guQvQ2pO_wiDIhFTucnBoCYF3UXRzn3JJ7kmiBpFw4BEE6Dni_yFgfAm-Qlsz9PpbqYQSTXGTCV0rpIAL1q_T-cieKaNgA8pEWn9KBIASLrXcghxP4tUtvKbeToDgwNgYJKoZIhvcNAQkOMSkwJzAlBgNVHREEHjAcghptaS1hcGktZmFiaWFudC5kdWNrZG5zLm9yZzAKBggqhkjOPQQDAgNoADBlAjEA3fsV3cb1IrlX-XAKjFgGzR6oGxRAWbHQWDk_xUrINcKBdlLtfEBYauLh2PrVyvalAjBBRQrBRf86XknQBMlAeZ9MEl2R4nR3HuHRZ3dpCuap81rsaIBZdh79WcTTZFGndjM"\n}'
2026-08-12 12:49:40,069:DEBUG:acme.client:Sending POST request to https://acme-v02.api.letsencrypt.org/acme/finalize/3624102601/544062295771:
{
  "protected": "eyJhbGciOiAiUlMyNTYiLCAia2lkIjogImh0dHBzOi8vYWNtZS12MDIuYXBpLmxldHNlbmNyeXB0Lm9yZy9hY21lL2FjY3QvMzYyNDEwMjYwMSIsICJub25jZSI6ICJJQndxRzltMUVvaFdKNmYza1NWcDBmc09QdkZDbFhNdkx0eGVnb3RsY1hlVVZGajRlVkEiLCAidXJsIjogImh0dHBzOi8vYWNtZS12MDIuYXBpLmxldHNlbmNyeXB0Lm9yZy9hY21lL2ZpbmFsaXplLzM2MjQxMDI2MDEvNTQ0MDYyMjk1NzcxIn0",
  "signature": "E_pif1IYCT4wwKwHioEEQQFjWRf6JrdkNP4U_aV81N4G31-wB24quwn-tI22S3cHJVF5fhI574yVw_f6-dibpkWh9HZzLmXb3VwWYmnAfR2O-avQSd5XE98u45C65wkc6Rb5DMjZSlFYhrfod75gMGVgaPQprvPuFJOTLtulsXKSaZydQ5jvIGr3mdqYfi8N0TzTdGrxwPNmTdwXNseBnqW1XO4eJjpMcs2yUKzWhrq2NE1gsEeVVLlPQQWcW1b5P2NqQ2qhQAypn2jhlvvRj9hoByJM2q1pKsa6JrE5WcMRgv56zGsH5XSJRKinp_cdW_3enEbhIqjaAPe7YorOmg",
  "payload": "ewogICJjc3IiOiAiTUlJQk1EQ0J0d0lCQURBQU1IWXdFQVlIS29aSXpqMENBUVlGSzRFRUFDSURZZ0FFMl8xTUowZ3VRdlEycE9fd2lESWhGVHVjbkJvQ1lGM1VYUnpuM0pKN2ttaUJwRnc0QkVFNkRuaV95RmdmQW0tUWxzejlQcGJxWVFTVFhHVENWMHJwSUFMMXFfVC1jaWVLYU5nQThwRVduOUtCSUFTTHJYY2doeFA0dFV0dktiZVRvRGd3TmdZSktvWklodmNOQVFrT01Ta3dKekFsQmdOVkhSRUVIakFjZ2hwdGFTMWhjR2t0Wm1GaWFXRnVkQzVrZFdOclpHNXpMbTl5WnpBS0JnZ3Foa2pPUFFRREFnTm9BREJsQWpFQTNmc1YzY2IxSXJsWC1YQUtqRmdHelI2b0d4UkFXYkhRV0RrX3hVcklOY0tCZGxMdGZFQllhdUxoMlByVnl2YWxBakJCUlFyQlJmODZYa25RQk1sQWVaOU1FbDJSNG5SM0h1SFJaM2RwQ3VhcDgxcnNhSUJaZGg3OVdjVFRaRkduZGpNIgp9"
}
2026-08-12 12:49:41,460:DEBUG:urllib3.connectionpool:https://acme-v02.api.letsencrypt.org:443 "POST /acme/finalize/3624102601/544062295771 HTTP/1.1" 200 462
2026-08-12 12:49:41,461:DEBUG:acme.client:Received response:
HTTP 200
Server: nginx
Date: Wed, 12 Aug 2026 12:49:41 GMT
Content-Type: application/json
Content-Length: 462
Connection: keep-alive
Boulder-Requester: 3624102601
Cache-Control: public, max-age=0, no-cache
Link: <https://acme-v02.api.letsencrypt.org/directory>;rel="index"
Location: https://acme-v02.api.letsencrypt.org/acme/order/3624102601/544062295771
Replay-Nonce: IBwqG9m1lv8PeFs7t2fER-eOYBUvAHlCSMoAAfD-zWm9hVSq6J4
X-Frame-Options: DENY
Strict-Transport-Security: max-age=604800

{
  "status": "valid",
  "expires": "2026-08-19T12:49:34Z",
  "identifiers": [
    {
      "type": "dns",
      "value": "mi-api-fabiant.duckdns.org"
    }
  ],
  "authorizations": [
    "https://acme-v02.api.letsencrypt.org/acme/authz/3624102601/758153643211"
  ],
  "finalize": "https://acme-v02.api.letsencrypt.org/acme/finalize/3624102601/544062295771",
  "certificate": "https://acme-v02.api.letsencrypt.org/acme/cert/0581e79b1305ac1dff46ac9033a590787a72"
}
2026-08-12 12:49:41,461:DEBUG:acme.client:Storing nonce: IBwqG9m1lv8PeFs7t2fER-eOYBUvAHlCSMoAAfD-zWm9hVSq6J4
2026-08-12 12:49:42,461:DEBUG:acme.client:JWS payload:
b''
2026-08-12 12:49:42,462:DEBUG:acme.client:Sending POST request to https://acme-v02.api.letsencrypt.org/acme/order/3624102601/544062295771:
{
  "protected": "eyJhbGciOiAiUlMyNTYiLCAia2lkIjogImh0dHBzOi8vYWNtZS12MDIuYXBpLmxldHNlbmNyeXB0Lm9yZy9hY21lL2FjY3QvMzYyNDEwMjYwMSIsICJub25jZSI6ICJJQndxRzltMWx2OFBlRnM3dDJmRVItZU9ZQlV2QUhsQ1NNb0FBZkQteldtOWhWU3E2SjQiLCAidXJsIjogImh0dHBzOi8vYWNtZS12MDIuYXBpLmxldHNlbmNyeXB0Lm9yZy9hY21lL29yZGVyLzM2MjQxMDI2MDEvNTQ0MDYyMjk1NzcxIn0",
  "signature": "TcFOTdTKeGNFx0dtQihQg0NiVvAiPPaQ7VgHLQ66ElLd94Vz6nTwbfnQRoPH77Wl5EzKoAquHo1yl4xOHdWDWClv0iMkX6D-MEI8LrZKNd8ZN9O-2uugMGKjCrqxJNl1V4M12l6f08yFo8-kFVnjScEMQAnN6SaapXVoFu6hGq2esEft1b--H9OYvmhqbcxsUdppDvxnK6tFkx2quTVrxVYi689YFz03CMyJGAWCPi_HaRBP3t66XfRSbDBf1WOpeBs1hab1CyGN4sjojfcyksuEuaYBDGkjIevFWP84XsFwuL0AjDRqorOZFOet8CQFhvXzOzrBn9U1cQVYYiW1bg",
  "payload": ""
}
2026-08-12 12:49:42,741:DEBUG:urllib3.connectionpool:https://acme-v02.api.letsencrypt.org:443 "POST /acme/order/3624102601/544062295771 HTTP/1.1" 200 462
2026-08-12 12:49:42,742:DEBUG:acme.client:Received response:
HTTP 200
Server: nginx
Date: Wed, 12 Aug 2026 12:49:42 GMT
Content-Type: application/json
Content-Length: 462
Connection: keep-alive
Cache-Control: public, max-age=0, no-cache
Link: <https://acme-v02.api.letsencrypt.org/directory>;rel="index"
Location: https://acme-v02.api.letsencrypt.org/acme/order/3624102601/544062295771
Replay-Nonce: IBwqG9m1u2ZP8nJuSb3Ztjds8zahA5yY9X7nLq-pAwWQbYa_ikk
X-Frame-Options: DENY
Strict-Transport-Security: max-age=604800

{
  "status": "valid",
  "expires": "2026-08-19T12:49:34Z",
  "identifiers": [
    {
      "type": "dns",
      "value": "mi-api-fabiant.duckdns.org"
    }
  ],
  "authorizations": [
    "https://acme-v02.api.letsencrypt.org/acme/authz/3624102601/758153643211"
  ],
  "finalize": "https://acme-v02.api.letsencrypt.org/acme/finalize/3624102601/544062295771",
  "certificate": "https://acme-v02.api.letsencrypt.org/acme/cert/0581e79b1305ac1dff46ac9033a590787a72"
}
2026-08-12 12:49:42,742:DEBUG:acme.client:Storing nonce: IBwqG9m1u2ZP8nJuSb3Ztjds8zahA5yY9X7nLq-pAwWQbYa_ikk
2026-08-12 12:49:42,742:DEBUG:acme.client:JWS payload:
b''
2026-08-12 12:49:42,742:DEBUG:acme.client:Sending POST request to https://acme-v02.api.letsencrypt.org/acme/cert/0581e79b1305ac1dff46ac9033a590787a72:
{
  "protected": "eyJhbGciOiAiUlMyNTYiLCAia2lkIjogImh0dHBzOi8vYWNtZS12MDIuYXBpLmxldHNlbmNyeXB0Lm9yZy9hY21lL2FjY3QvMzYyNDEwMjYwMSIsICJub25jZSI6ICJJQndxRzltMXUyWlA4bkp1U2IzWnRqZHM4emFoQTV5WTlYN25McS1wQXdXUWJZYV9pa2siLCAidXJsIjogImh0dHBzOi8vYWNtZS12MDIuYXBpLmxldHNlbmNyeXB0Lm9yZy9hY21lL2NlcnQvMDU4MWU3OWIxMzA1YWMxZGZmNDZhYzkwMzNhNTkwNzg3YTcyIn0",
  "signature": "VGUWraEPj2smLbpFTeRR6Q7nKBaRUMZvOQSyH8R6rdriAgKbvbJca4TqWbeqYayWTeKUEXmxpwsdpE2GMhmPYGMTF6fYNGBWL3Rx_8qOU-Z6agy0Jqw9woCZAncxARHmYv7BsFh5GkVO0mZ_SF3ci8YFJtfBukXmJmMj8K5Mo2waL52otbQ_sHpsFORGp8b6xdz4IE7okjec6iNNiR3mXkNI0hlicuqDoa3iOo0GVpIMpXp3OojaeGGGXjxKNzMHUsygxLHKCMRlyBUJiDbjZvXYnQrCvv2PNRCCKBmJyE9TkP8hpBdCSvnFk8XfdwTelThCmWMshesiPbmAhPrQXQ",
  "payload": ""
}
2026-08-12 12:49:43,024:DEBUG:urllib3.connectionpool:https://acme-v02.api.letsencrypt.org:443 "POST /acme/cert/0581e79b1305ac1dff46ac9033a590787a72 HTTP/1.1" 200 4889
2026-08-12 12:49:43,025:DEBUG:acme.client:Received response:
HTTP 200
Server: nginx
Date: Wed, 12 Aug 2026 12:49:42 GMT
Content-Type: application/pem-certificate-chain
Content-Length: 4889
Connection: keep-alive
Cache-Control: public, max-age=0, no-cache
Link: <https://acme-v02.api.letsencrypt.org/directory>;rel="index", <https://acme-v02.api.letsencrypt.org/acme/cert/0581e79b1305ac1dff46ac9033a590787a72/1>;rel="alternate", <https://acme-v02.api.letsencrypt.org/acme/cert/0581e79b1305ac1dff46ac9033a590787a72/2>;rel="alternate"
Replay-Nonce: IBwqG9m1QNOR7EGWmuGKH5UzUgts2gQpQhRDzFXWI0mcduJTQPk
X-Frame-Options: DENY
Strict-Transport-Security: max-age=604800

-----BEGIN CERTIFICATE-----
MIIDwDCCA0WgAwIBAgISBYHnmxMFrB3/RqyQM6WQeHpyMAoGCCqGSM49BAMDMDMx
CzAJBgNVBAYTAlVTMRYwFAYDVQQKEw1MZXQncyBFbmNyeXB0MQwwCgYDVQQDEwNZ
RTEwHhcNMjYwODEyMTE1MTEwWhcNMjYxMTEwMTE1MTA5WjAlMSMwIQYDVQQDExpt
aS1hcGktZmFiaWFudC5kdWNrZG5zLm9yZzB2MBAGByqGSM49AgEGBSuBBAAiA2IA
BNv9TCdILkL0NqTv8IgyIRU7nJwaAmBd1F0c59ySe5JogaRcOARBOg54v8hYHwJv
kJbM/T6W6mEEk1xkwldK6SAC9av0/nInimjYAPKRFp/SgSAEi613IIcT+LVLbym3
k6OCAigwggIkMA4GA1UdDwEB/wQEAwIHgDATBgNVHSUEDDAKBggrBgEFBQcDATAM
BgNVHRMBAf8EAjAAMB0GA1UdDgQWBBRT8vCOZ1Yu8ApwZjBfhYBMj8iKijAfBgNV
HSMEGDAWgBS7IMpHC/7X5Zz5jwkqo4w3RbG82DAzBggrBgEFBQcBAQQnMCUwIwYI
KwYBBQUHMAKGF2h0dHA6Ly95ZTEuaS5sZW5jci5vcmcvMCUGA1UdEQQeMByCGm1p
LWFwaS1mYWJpYW50LmR1Y2tkbnMub3JnMBMGA1UdIAQMMAowCAYGZ4EMAQIBMC8G
A1UdHwQoMCYwJKAioCCGHmh0dHA6Ly95ZTEuYy5sZW5jci5vcmcvMTE1LmNybDCC
AQsGCisGAQQB1nkCBAIEgfwEgfkA9wB2ANgJVTuUT3r/yBYZb5RPhauw+Pxeh1Um
DxXRLnK7RUsUAAABn/YFdJkAAAQDAEcwRQIhAPoTeF9AN6d86IUW3d9rjerPHNE7
xKOFP1UEQvudBVN5AiAbXGBNnLc3hNQDKZ4TpdzTRkCyR8oiy+UPy47Uwq8JUwB9
ACbjZG5YaSEjvDQ/RyQ1mzeSzSRaiNgV05Mz/ZkYq0cjAAABn/YFbysACAAABQAz
99JmBAMARjBEAiAh24FJapRcDqQ+EvsG5PHSaVJgBdfxwhVz+TmlH0jZUgIgV4vX
Fxwaduddzn/vxjY8P4sdLgb6EgxVB/sEpUI8BkowCgYIKoZIzj0EAwMDaQAwZgIx
AJrVB9/0LezqOSKLtk3D4olp0E1OZDzdfMNvZNucAmGG9bpC63A3FZ/OCNBuqDyi
bAIxAOKWaD5MLHusFYBvK/ldWW3UKhnKo0X0ITE+qadT4bJb85c/P24ET8tQ2QkI
mvIcEg==
-----END CERTIFICATE-----

-----BEGIN CERTIFICATE-----
MIICizCCAhGgAwIBAgIQXd1w3TH4AchcGGp6BLgK/jAKBggqhkjOPQQDAzAuMQsw
CQYDVQQGEwJVUzENMAsGA1UEChMESVNSRzEQMA4GA1UEAxMHUm9vdCBZRTAeFw0y
NTA5MDMwMDAwMDBaFw0yODA5MDIyMzU5NTlaMDMxCzAJBgNVBAYTAlVTMRYwFAYD
VQQKEw1MZXQncyBFbmNyeXB0MQwwCgYDVQQDEwNZRTEwdjAQBgcqhkjOPQIBBgUr
gQQAIgNiAAQHZVB1/mimla2hfSurylScjPMZaOJXLz/NnAc2sylm8WDyhU9Ccp+z
ASQi5vSwGGJjSGklkD9fdPR8GpyDIOIjCEfrnbt/v+ZSEPLLEGbaM6EccDbN7p9x
teIm2Avf+ryjge4wgeswDgYDVR0PAQH/BAQDAgGGMBMGA1UdJQQMMAoGCCsGAQUF
BwMBMBIGA1UdEwEB/wQIMAYBAf8CAQAwHQYDVR0OBBYEFLsgykcL/tflnPmPCSqj
jDdFsbzYMB8GA1UdIwQYMBaAFKPIJlqOoUzQNWP8myPIOq5W809WMDIGCCsGAQUF
BwEBBCYwJDAiBggrBgEFBQcwAoYWaHR0cDovL3llLmkubGVuY3Iub3JnLzATBgNV
HSAEDDAKMAgGBmeBDAECATAnBgNVHR8EIDAeMBygGqAYhhZodHRwOi8veWUuYy5s
ZW5jci5vcmcvMAoGCCqGSM49BAMDA2gAMGUCMQDgjUEahFT/h3DRakqiPZpLvPgf
Zwkt6K2EOMmh1nvEzl83eMLYcod4GCl3b0J1Nn0CMBNYmEQJb4CEG5WoOe7aRn/L
VKu6saHmHEynI7ysIPd8zQsK1HdmhlHKlw9Z5GpGvA==
-----END CERTIFICATE-----

-----BEGIN CERTIFICATE-----
MIICpjCCAiugAwIBAgIRAIchZfw0tuX7qK3Vs3BftTowCgYIKoZIzj0EAwMwTzEL
MAkGA1UEBhMCVVMxKTAnBgNVBAoTIEludGVybmV0IFNlY3VyaXR5IFJlc2VhcmNo
IEdyb3VwMRUwEwYDVQQDEwxJU1JHIFJvb3QgWDIwHhcNMjYwNTEzMDAwMDAwWhcN
MzIwOTAyMjM1OTU5WjAuMQswCQYDVQQGEwJVUzENMAsGA1UEChMESVNSRzEQMA4G
A1UEAxMHUm9vdCBZRTB2MBAGByqGSM49AgEGBSuBBAAiA2IABDwS/6vhrcVqcbBo
+wgdI3fwn9x7DNJJOY/lTOti0vkwuRN87RhEhTH17E7XyFjWsPYhIPt/wzOqxTd2
b+4ZJNy9ID04YywF9U5zasDVyGSNErVNtz8uSGh5izW87j77GaOB6zCB6DAOBgNV
HQ8BAf8EBAMCAQYwEwYDVR0lBAwwCgYIKwYBBQUHAwEwDwYDVR0TAQH/BAUwAwEB
/zAdBgNVHQ4EFgQUo8gmWo6hTNA1Y/ybI8g6rlbzT1YwHwYDVR0jBBgwFoAUfEKW
rt5LSDv6kviejM9ti6lyN5UwMgYIKwYBBQUHAQEEJjAkMCIGCCsGAQUFBzAChhZo
dHRwOi8veDIuaS5sZW5jci5vcmcvMBMGA1UdIAQMMAowCAYGZ4EMAQIBMCcGA1Ud
HwQgMB4wHKAaoBiGFmh0dHA6Ly94Mi5jLmxlbmNyLm9yZy8wCgYIKoZIzj0EAwMD
aQAwZgIxAMU19WCtmxVND8UHBZRoma49Z7jPs64Dma0eTu1OChVbB/2J7GV3nvYK
Ax54uk1G9QIxAO0miLVJu8PLNiXXXkiE/gsK3CTRTF/aeo4bMX42Zw40csRU6AC2
6hSW1/IWaas6dg==
-----END CERTIFICATE-----

-----BEGIN CERTIFICATE-----
MIIEcDCCAligAwIBAgIQbI8dxyfHEX97r4U6yYD5zTANBgkqhkiG9w0BAQsFADBP
MQswCQYDVQQGEwJVUzEpMCcGA1UEChMgSW50ZXJuZXQgU2VjdXJpdHkgUmVzZWFy
Y2ggR3JvdXAxFTATBgNVBAMTDElTUkcgUm9vdCBYMTAeFw0yNjA1MTMwMDAwMDBa
Fw0zMjA5MDIyMzU5NTlaME8xCzAJBgNVBAYTAlVTMSkwJwYDVQQKEyBJbnRlcm5l
dCBTZWN1cml0eSBSZXNlYXJjaCBHcm91cDEVMBMGA1UEAxMMSVNSRyBSb290IFgy
MHYwEAYHKoZIzj0CAQYFK4EEACIDYgAEzZvVn4CDCuwJSvMWSj5cz3es3mcFDR0H
ttwW+1qLFNvicWDEukWVEYmO6gbf9yoWHKS5xcUy4APgHoIYOIvXRdgKam7mAHf7
AlF9ItgKbppbd9/w+kHsOdx1ymgHDB/qo4H1MIHyMA4GA1UdDwEB/wQEAwIBBjAd
BgNVHSUEFjAUBggrBgEFBQcDAQYIKwYBBQUHAwIwDwYDVR0TAQH/BAUwAwEB/zAd
BgNVHQ4EFgQUfEKWrt5LSDv6kviejM9ti6lyN5UwHwYDVR0jBBgwFoAUebRZ5nu2
5eQBc4AIiMgaWPbpm24wMgYIKwYBBQUHAQEEJjAkMCIGCCsGAQUFBzAChhZodHRw
Oi8veDEuaS5sZW5jci5vcmcvMBMGA1UdIAQMMAowCAYGZ4EMAQIBMCcGA1UdHwQg
MB4wHKAaoBiGFmh0dHA6Ly94MS5jLmxlbmNyLm9yZy8wDQYJKoZIhvcNAQELBQAD
ggIBAD2/e9frmMxNpCV03qUHegg+MV2wz9644YoXdqtH8RyWYcBO7xfjjGEXdU1e
/o0OkEFiynUCOSIk/vLLo7ttz6CPAeNlWfC0XNkoGeWgK6jjXvozBaGuGH5n0Ufo
shMeWTuURqNN5G00sSXDTBrpp2+mgvdZQjb8K11TYMA25QA+YHNfbIEL0BniAhKS
2gsnJjSzrdZLI+EZ7SEyqdR2rkjd1KutLDU+n3TFyxjniZVGur4YlhMP3mY/dV95
IruAkkjOZier6hGBdEgZXXvaCz9u9iVEadsIE75pAGL8oHV5vxdARDiotRpul1IN
/UZwzAbrfUFcw1HkAcYD/mlZfnQ2ieCF2MS7j3Vhv7JPDKp45fmykmzYNSrumRW0
upFFKDBOoF7hsOb7oLyHS+Uft6jOUfOrogj8YUx38hKb2K20r42OgsSdDdxdeYWc
MS3Sb6mwJeSZEYxJ2gaXnDSPaKhhrNkYwljyVQyr4Nq+MEJytXNTnHqaAcrNwZlV
pcJL1KBnMrMjP7eanvUwL3FYj3cF17jtboLt7gLoi4+2rWZFvn+w54jmd/FIuhhZ
cEaU/wvU6BUNMtcVquVGHp7itQeDth5j+XL3j4WJ2SABwzUl6OeYdgpIt/ITZa+p
TT0mQ/r5XyA4MEAiabn7XJjvCERlF2dcn2wqJw+CreTkkQ2R
-----END CERTIFICATE-----

2026-08-12 12:49:43,025:DEBUG:acme.client:Storing nonce: IBwqG9m1QNOR7EGWmuGKH5UzUgts2gQpQhRDzFXWI0mcduJTQPk
2026-08-12 12:49:43,025:DEBUG:acme.client:JWS payload:
b''
2026-08-12 12:49:43,025:DEBUG:acme.client:Sending POST request to https://acme-v02.api.letsencrypt.org/acme/cert/0581e79b1305ac1dff46ac9033a590787a72/1:
{
  "protected": "eyJhbGciOiAiUlMyNTYiLCAia2lkIjogImh0dHBzOi8vYWNtZS12MDIuYXBpLmxldHNlbmNyeXB0Lm9yZy9hY21lL2FjY3QvMzYyNDEwMjYwMSIsICJub25jZSI6ICJJQndxRzltMVFOT1I3RUdXbXVHS0g1VXpVZ3RzMmdRcFFoUkR6RlhXSTBtY2R1SlRRUGsiLCAidXJsIjogImh0dHBzOi8vYWNtZS12MDIuYXBpLmxldHNlbmNyeXB0Lm9yZy9hY21lL2NlcnQvMDU4MWU3OWIxMzA1YWMxZGZmNDZhYzkwMzNhNTkwNzg3YTcyLzEifQ",
  "signature": "LEek4LOEu58SbBmoXsBDQv2XejWUIBOwgsHADBX0fpQ7LPFHqEgjCSofkYaOW7Vx2eQRGMlQEz1qTigrpuHPRmNjXuQEBc5bxdHaz9b950a23pcM5hq2EkjwW2puBfb25aAce3oYdfyGZL5iWB3aHwIL093Da5xiv6QeoY4_Y88Gi-xePZGVFTzJI2Nho81SBuZBolQNc7w1-J8QqmITAbVRoDaYLVq28ArZb-JV1n4h-9B1o-jE91pAums6VmmMFe-ruaYAjwXS_YyEzQBVsf4TzkHhG1iC4791ucc5jpqng1RkefBZUnPR2ymGTePKZadrKHwaakQUaUhfMs3OWA",
  "payload": ""
}
2026-08-12 12:49:43,307:DEBUG:urllib3.connectionpool:https://acme-v02.api.letsencrypt.org:443 "POST /acme/cert/0581e79b1305ac1dff46ac9033a590787a72/1 HTTP/1.1" 200 3290
2026-08-12 12:49:43,308:DEBUG:acme.client:Received response:
HTTP 200
Server: nginx
Date: Wed, 12 Aug 2026 12:49:43 GMT
Content-Type: application/pem-certificate-chain
Content-Length: 3290
Connection: keep-alive
Cache-Control: public, max-age=0, no-cache
Link: <https://acme-v02.api.letsencrypt.org/directory>;rel="index", <https://acme-v02.api.letsencrypt.org/acme/cert/0581e79b1305ac1dff46ac9033a590787a72/0>;rel="alternate", <https://acme-v02.api.letsencrypt.org/acme/cert/0581e79b1305ac1dff46ac9033a590787a72/2>;rel="alternate"
Replay-Nonce: IBwqG9m1OQEOfclkVQiBANrtC5NuBVZl7QT40AHn2TAU8VHASmo
X-Frame-Options: DENY
Strict-Transport-Security: max-age=604800

-----BEGIN CERTIFICATE-----
MIIDwDCCA0WgAwIBAgISBYHnmxMFrB3/RqyQM6WQeHpyMAoGCCqGSM49BAMDMDMx
CzAJBgNVBAYTAlVTMRYwFAYDVQQKEw1MZXQncyBFbmNyeXB0MQwwCgYDVQQDEwNZ
RTEwHhcNMjYwODEyMTE1MTEwWhcNMjYxMTEwMTE1MTA5WjAlMSMwIQYDVQQDExpt
aS1hcGktZmFiaWFudC5kdWNrZG5zLm9yZzB2MBAGByqGSM49AgEGBSuBBAAiA2IA
BNv9TCdILkL0NqTv8IgyIRU7nJwaAmBd1F0c59ySe5JogaRcOARBOg54v8hYHwJv
kJbM/T6W6mEEk1xkwldK6SAC9av0/nInimjYAPKRFp/SgSAEi613IIcT+LVLbym3
k6OCAigwggIkMA4GA1UdDwEB/wQEAwIHgDATBgNVHSUEDDAKBggrBgEFBQcDATAM
BgNVHRMBAf8EAjAAMB0GA1UdDgQWBBRT8vCOZ1Yu8ApwZjBfhYBMj8iKijAfBgNV
HSMEGDAWgBS7IMpHC/7X5Zz5jwkqo4w3RbG82DAzBggrBgEFBQcBAQQnMCUwIwYI
KwYBBQUHMAKGF2h0dHA6Ly95ZTEuaS5sZW5jci5vcmcvMCUGA1UdEQQeMByCGm1p
LWFwaS1mYWJpYW50LmR1Y2tkbnMub3JnMBMGA1UdIAQMMAowCAYGZ4EMAQIBMC8G
A1UdHwQoMCYwJKAioCCGHmh0dHA6Ly95ZTEuYy5sZW5jci5vcmcvMTE1LmNybDCC
AQsGCisGAQQB1nkCBAIEgfwEgfkA9wB2ANgJVTuUT3r/yBYZb5RPhauw+Pxeh1Um
DxXRLnK7RUsUAAABn/YFdJkAAAQDAEcwRQIhAPoTeF9AN6d86IUW3d9rjerPHNE7
xKOFP1UEQvudBVN5AiAbXGBNnLc3hNQDKZ4TpdzTRkCyR8oiy+UPy47Uwq8JUwB9
ACbjZG5YaSEjvDQ/RyQ1mzeSzSRaiNgV05Mz/ZkYq0cjAAABn/YFbysACAAABQAz
99JmBAMARjBEAiAh24FJapRcDqQ+EvsG5PHSaVJgBdfxwhVz+TmlH0jZUgIgV4vX
Fxwaduddzn/vxjY8P4sdLgb6EgxVB/sEpUI8BkowCgYIKoZIzj0EAwMDaQAwZgIx
AJrVB9/0LezqOSKLtk3D4olp0E1OZDzdfMNvZNucAmGG9bpC63A3FZ/OCNBuqDyi
bAIxAOKWaD5MLHusFYBvK/ldWW3UKhnKo0X0ITE+qadT4bJb85c/P24ET8tQ2QkI
mvIcEg==
-----END CERTIFICATE-----

-----BEGIN CERTIFICATE-----
MIICizCCAhGgAwIBAgIQXd1w3TH4AchcGGp6BLgK/jAKBggqhkjOPQQDAzAuMQsw
CQYDVQQGEwJVUzENMAsGA1UEChMESVNSRzEQMA4GA1UEAxMHUm9vdCBZRTAeFw0y
NTA5MDMwMDAwMDBaFw0yODA5MDIyMzU5NTlaMDMxCzAJBgNVBAYTAlVTMRYwFAYD
VQQKEw1MZXQncyBFbmNyeXB0MQwwCgYDVQQDEwNZRTEwdjAQBgcqhkjOPQIBBgUr
gQQAIgNiAAQHZVB1/mimla2hfSurylScjPMZaOJXLz/NnAc2sylm8WDyhU9Ccp+z
ASQi5vSwGGJjSGklkD9fdPR8GpyDIOIjCEfrnbt/v+ZSEPLLEGbaM6EccDbN7p9x
teIm2Avf+ryjge4wgeswDgYDVR0PAQH/BAQDAgGGMBMGA1UdJQQMMAoGCCsGAQUF
BwMBMBIGA1UdEwEB/wQIMAYBAf8CAQAwHQYDVR0OBBYEFLsgykcL/tflnPmPCSqj
jDdFsbzYMB8GA1UdIwQYMBaAFKPIJlqOoUzQNWP8myPIOq5W809WMDIGCCsGAQUF
BwEBBCYwJDAiBggrBgEFBQcwAoYWaHR0cDovL3llLmkubGVuY3Iub3JnLzATBgNV
HSAEDDAKMAgGBmeBDAECATAnBgNVHR8EIDAeMBygGqAYhhZodHRwOi8veWUuYy5s
ZW5jci5vcmcvMAoGCCqGSM49BAMDA2gAMGUCMQDgjUEahFT/h3DRakqiPZpLvPgf
Zwkt6K2EOMmh1nvEzl83eMLYcod4GCl3b0J1Nn0CMBNYmEQJb4CEG5WoOe7aRn/L
VKu6saHmHEynI7ysIPd8zQsK1HdmhlHKlw9Z5GpGvA==
-----END CERTIFICATE-----

-----BEGIN CERTIFICATE-----
MIICpjCCAiugAwIBAgIRAIchZfw0tuX7qK3Vs3BftTowCgYIKoZIzj0EAwMwTzEL
MAkGA1UEBhMCVVMxKTAnBgNVBAoTIEludGVybmV0IFNlY3VyaXR5IFJlc2VhcmNo
IEdyb3VwMRUwEwYDVQQDEwxJU1JHIFJvb3QgWDIwHhcNMjYwNTEzMDAwMDAwWhcN
MzIwOTAyMjM1OTU5WjAuMQswCQYDVQQGEwJVUzENMAsGA1UEChMESVNSRzEQMA4G
A1UEAxMHUm9vdCBZRTB2MBAGByqGSM49AgEGBSuBBAAiA2IABDwS/6vhrcVqcbBo
+wgdI3fwn9x7DNJJOY/lTOti0vkwuRN87RhEhTH17E7XyFjWsPYhIPt/wzOqxTd2
b+4ZJNy9ID04YywF9U5zasDVyGSNErVNtz8uSGh5izW87j77GaOB6zCB6DAOBgNV
HQ8BAf8EBAMCAQYwEwYDVR0lBAwwCgYIKwYBBQUHAwEwDwYDVR0TAQH/BAUwAwEB
/zAdBgNVHQ4EFgQUo8gmWo6hTNA1Y/ybI8g6rlbzT1YwHwYDVR0jBBgwFoAUfEKW
rt5LSDv6kviejM9ti6lyN5UwMgYIKwYBBQUHAQEEJjAkMCIGCCsGAQUFBzAChhZo
dHRwOi8veDIuaS5sZW5jci5vcmcvMBMGA1UdIAQMMAowCAYGZ4EMAQIBMCcGA1Ud
HwQgMB4wHKAaoBiGFmh0dHA6Ly94Mi5jLmxlbmNyLm9yZy8wCgYIKoZIzj0EAwMD
aQAwZgIxAMU19WCtmxVND8UHBZRoma49Z7jPs64Dma0eTu1OChVbB/2J7GV3nvYK
Ax54uk1G9QIxAO0miLVJu8PLNiXXXkiE/gsK3CTRTF/aeo4bMX42Zw40csRU6AC2
6hSW1/IWaas6dg==
-----END CERTIFICATE-----

2026-08-12 12:49:43,308:DEBUG:acme.client:Storing nonce: IBwqG9m1OQEOfclkVQiBANrtC5NuBVZl7QT40AHn2TAU8VHASmo
2026-08-12 12:49:43,308:DEBUG:acme.client:JWS payload:
b''
2026-08-12 12:49:43,308:DEBUG:acme.client:Sending POST request to https://acme-v02.api.letsencrypt.org/acme/cert/0581e79b1305ac1dff46ac9033a590787a72/2:
{
  "protected": "eyJhbGciOiAiUlMyNTYiLCAia2lkIjogImh0dHBzOi8vYWNtZS12MDIuYXBpLmxldHNlbmNyeXB0Lm9yZy9hY21lL2FjY3QvMzYyNDEwMjYwMSIsICJub25jZSI6ICJJQndxRzltMU9RRU9mY2xrVlFpQkFOcnRDNU51QlZabDdRVDQwQUhuMlRBVThWSEFTbW8iLCAidXJsIjogImh0dHBzOi8vYWNtZS12MDIuYXBpLmxldHNlbmNyeXB0Lm9yZy9hY21lL2NlcnQvMDU4MWU3OWIxMzA1YWMxZGZmNDZhYzkwMzNhNTkwNzg3YTcyLzIifQ",
  "signature": "G8a4-x2ZTWJzNLIHOSe0aR4quq205CAEj35mONKqNwhQAYLL7IpT1SViYScVrttFSa8nVzcXamym07xEEGDwNBEcgy4iC-N6OtSTy4Oc8Uc_41L2GSUq5bLGie4KXBVWyoMTEGQprl839z7EVsRHjuRwasM0DJgddDh3U5whQVPG_RDk9dZX6vdA6mZhfxvwVjiMTMZM841FQmSAjYIIIqXlVZi5TlJxzf6AiFAzBLl0dPi09iHMGv_LGtXQ1q0BlALdB_LrntT4jv7KpB5bcmU_fp1Vwxv3zGPgHq85nLLbeudhrXim2wFrJx4RMX5KUF7fDavmT7O-A8UevBz8Ng",
  "payload": ""
}
2026-08-12 12:49:43,589:DEBUG:urllib3.connectionpool:https://acme-v02.api.letsencrypt.org:443 "POST /acme/cert/0581e79b1305ac1dff46ac9033a590787a72/2 HTTP/1.1" 200 2308
2026-08-12 12:49:43,589:DEBUG:acme.client:Received response:
HTTP 200
Server: nginx
Date: Wed, 12 Aug 2026 12:49:43 GMT
Content-Type: application/pem-certificate-chain
Content-Length: 2308
Connection: keep-alive
Cache-Control: public, max-age=0, no-cache
Link: <https://acme-v02.api.letsencrypt.org/directory>;rel="index", <https://acme-v02.api.letsencrypt.org/acme/cert/0581e79b1305ac1dff46ac9033a590787a72/0>;rel="alternate", <https://acme-v02.api.letsencrypt.org/acme/cert/0581e79b1305ac1dff46ac9033a590787a72/1>;rel="alternate"
Replay-Nonce: IBwqG9m1DZwES7Z9J9sX3WXgQ2uUd6N1awjj3FwFI7SPIAuV43I
X-Frame-Options: DENY
Strict-Transport-Security: max-age=604800

-----BEGIN CERTIFICATE-----
MIIDwDCCA0WgAwIBAgISBYHnmxMFrB3/RqyQM6WQeHpyMAoGCCqGSM49BAMDMDMx
CzAJBgNVBAYTAlVTMRYwFAYDVQQKEw1MZXQncyBFbmNyeXB0MQwwCgYDVQQDEwNZ
RTEwHhcNMjYwODEyMTE1MTEwWhcNMjYxMTEwMTE1MTA5WjAlMSMwIQYDVQQDExpt
aS1hcGktZmFiaWFudC5kdWNrZG5zLm9yZzB2MBAGByqGSM49AgEGBSuBBAAiA2IA
BNv9TCdILkL0NqTv8IgyIRU7nJwaAmBd1F0c59ySe5JogaRcOARBOg54v8hYHwJv
kJbM/T6W6mEEk1xkwldK6SAC9av0/nInimjYAPKRFp/SgSAEi613IIcT+LVLbym3
k6OCAigwggIkMA4GA1UdDwEB/wQEAwIHgDATBgNVHSUEDDAKBggrBgEFBQcDATAM
BgNVHRMBAf8EAjAAMB0GA1UdDgQWBBRT8vCOZ1Yu8ApwZjBfhYBMj8iKijAfBgNV
HSMEGDAWgBS7IMpHC/7X5Zz5jwkqo4w3RbG82DAzBggrBgEFBQcBAQQnMCUwIwYI
KwYBBQUHMAKGF2h0dHA6Ly95ZTEuaS5sZW5jci5vcmcvMCUGA1UdEQQeMByCGm1p
LWFwaS1mYWJpYW50LmR1Y2tkbnMub3JnMBMGA1UdIAQMMAowCAYGZ4EMAQIBMC8G
A1UdHwQoMCYwJKAioCCGHmh0dHA6Ly95ZTEuYy5sZW5jci5vcmcvMTE1LmNybDCC
AQsGCisGAQQB1nkCBAIEgfwEgfkA9wB2ANgJVTuUT3r/yBYZb5RPhauw+Pxeh1Um
DxXRLnK7RUsUAAABn/YFdJkAAAQDAEcwRQIhAPoTeF9AN6d86IUW3d9rjerPHNE7
xKOFP1UEQvudBVN5AiAbXGBNnLc3hNQDKZ4TpdzTRkCyR8oiy+UPy47Uwq8JUwB9
ACbjZG5YaSEjvDQ/RyQ1mzeSzSRaiNgV05Mz/ZkYq0cjAAABn/YFbysACAAABQAz
99JmBAMARjBEAiAh24FJapRcDqQ+EvsG5PHSaVJgBdfxwhVz+TmlH0jZUgIgV4vX
Fxwaduddzn/vxjY8P4sdLgb6EgxVB/sEpUI8BkowCgYIKoZIzj0EAwMDaQAwZgIx
AJrVB9/0LezqOSKLtk3D4olp0E1OZDzdfMNvZNucAmGG9bpC63A3FZ/OCNBuqDyi
bAIxAOKWaD5MLHusFYBvK/ldWW3UKhnKo0X0ITE+qadT4bJb85c/P24ET8tQ2QkI
mvIcEg==
-----END CERTIFICATE-----

-----BEGIN CERTIFICATE-----
MIICizCCAhGgAwIBAgIQXd1w3TH4AchcGGp6BLgK/jAKBggqhkjOPQQDAzAuMQsw
CQYDVQQGEwJVUzENMAsGA1UEChMESVNSRzEQMA4GA1UEAxMHUm9vdCBZRTAeFw0y
NTA5MDMwMDAwMDBaFw0yODA5MDIyMzU5NTlaMDMxCzAJBgNVBAYTAlVTMRYwFAYD
VQQKEw1MZXQncyBFbmNyeXB0MQwwCgYDVQQDEwNZRTEwdjAQBgcqhkjOPQIBBgUr
gQQAIgNiAAQHZVB1/mimla2hfSurylScjPMZaOJXLz/NnAc2sylm8WDyhU9Ccp+z
ASQi5vSwGGJjSGklkD9fdPR8GpyDIOIjCEfrnbt/v+ZSEPLLEGbaM6EccDbN7p9x
teIm2Avf+ryjge4wgeswDgYDVR0PAQH/BAQDAgGGMBMGA1UdJQQMMAoGCCsGAQUF
BwMBMBIGA1UdEwEB/wQIMAYBAf8CAQAwHQYDVR0OBBYEFLsgykcL/tflnPmPCSqj
jDdFsbzYMB8GA1UdIwQYMBaAFKPIJlqOoUzQNWP8myPIOq5W809WMDIGCCsGAQUF
BwEBBCYwJDAiBggrBgEFBQcwAoYWaHR0cDovL3llLmkubGVuY3Iub3JnLzATBgNV
HSAEDDAKMAgGBmeBDAECATAnBgNVHR8EIDAeMBygGqAYhhZodHRwOi8veWUuYy5s
ZW5jci5vcmcvMAoGCCqGSM49BAMDA2gAMGUCMQDgjUEahFT/h3DRakqiPZpLvPgf
Zwkt6K2EOMmh1nvEzl83eMLYcod4GCl3b0J1Nn0CMBNYmEQJb4CEG5WoOe7aRn/L
VKu6saHmHEynI7ysIPd8zQsK1HdmhlHKlw9Z5GpGvA==
-----END CERTIFICATE-----

2026-08-12 12:49:43,589:DEBUG:acme.client:Storing nonce: IBwqG9m1DZwES7Z9J9sX3WXgQ2uUd6N1awjj3FwFI7SPIAuV43I
2026-08-12 12:49:43,591:INFO:certbot._internal.client:Non-standard path(s), might not work with crontab installed by your operating system package manager
2026-08-12 12:49:43,591:DEBUG:certbot._internal.storage:Creating directory /etc/letsencrypt/archive.
2026-08-12 12:49:43,591:DEBUG:certbot._internal.storage:Creating directory /etc/letsencrypt/live.
2026-08-12 12:49:43,591:DEBUG:certbot._internal.storage:Writing README to /etc/letsencrypt/live/README.
2026-08-12 12:49:43,591:DEBUG:certbot._internal.storage:Creating directory /etc/letsencrypt/archive/npm-1.
2026-08-12 12:49:43,591:DEBUG:certbot._internal.storage:Creating directory /etc/letsencrypt/live/npm-1.
2026-08-12 12:49:43,591:DEBUG:certbot._internal.storage:Writing certificate to /etc/letsencrypt/live/npm-1/cert.pem.
2026-08-12 12:49:43,591:DEBUG:certbot._internal.storage:Writing private key to /etc/letsencrypt/live/npm-1/privkey.pem.
2026-08-12 12:49:43,591:DEBUG:certbot._internal.storage:Writing chain to /etc/letsencrypt/live/npm-1/chain.pem.
2026-08-12 12:49:43,591:DEBUG:certbot._internal.storage:Writing full chain to /etc/letsencrypt/live/npm-1/fullchain.pem.
2026-08-12 12:49:43,591:DEBUG:certbot._internal.storage:Writing README to /etc/letsencrypt/live/npm-1/README.
2026-08-12 12:49:43,598:DEBUG:certbot.configuration:Var account=3bf6aa8b4e14c4d2b606a8c25d667067 (set by user).
2026-08-12 12:49:43,598:DEBUG:certbot.configuration:Var key_type=ecdsa (set by user).
2026-08-12 12:49:43,598:DEBUG:certbot.configuration:Var elliptic_curve=secp384r1 (set by user).
2026-08-12 12:49:43,598:DEBUG:certbot.configuration:Var preferred_chain=ISRG Root X1 (set by user).
2026-08-12 12:49:43,598:DEBUG:certbot.configuration:Var pref_challs=['http-01'] (set by user).
2026-08-12 12:49:43,599:DEBUG:certbot.configuration:Var config_dir=/etc/letsencrypt (set by user).
2026-08-12 12:49:43,599:DEBUG:certbot.configuration:Var work_dir=/tmp/letsencrypt-lib (set by user).
2026-08-12 12:49:43,599:DEBUG:certbot.configuration:Var logs_dir=/data/logs (set by user).
2026-08-12 12:49:43,599:DEBUG:certbot._internal.plugins.selection:Requested authenticator webroot and installer None
2026-08-12 12:49:43,599:DEBUG:certbot._internal.plugins.selection:Requested authenticator webroot and installer None
2026-08-12 12:49:43,599:DEBUG:certbot.configuration:Var webroot_path=['/data/letsencrypt-acme-challenge'] (set by user).
2026-08-12 12:49:43,599:DEBUG:certbot.configuration:Var webroot_map={'mi-api-fabiant.duckdns.org': '/data/letsencrypt-acme-challenge'} (set by user).
2026-08-12 12:49:43,600:DEBUG:certbot._internal.display.obj:Notifying user: 
Successfully received certificate.
Certificate is saved at: /etc/letsencrypt/live/npm-1/fullchain.pem
Key is saved at:         /etc/letsencrypt/live/npm-1/privkey.pem
This certificate expires on 2026-11-10.
These files will be updated when the certificate renews.
2026-08-12 12:49:43,600:DEBUG:certbot._internal.display.obj:Notifying user: NEXT STEPS:
2026-08-12 12:49:43,600:DEBUG:certbot._internal.display.obj:Notifying user: - The certificate will need to be renewed before it expires. Certbot can automatically renew the certificate in the background, but you may need to take steps to enable that functionality. See https://certbot.org/renewal-setup for instructions.
2026-08-12 12:49:43,601:DEBUG:certbot._internal.display.obj:Notifying user: If you like Certbot, please consider supporting our work by:
 * Donating to ISRG / Let's Encrypt:   https://letsencrypt.org/donate
 * Donating to EFF:                    https://eff.org/donate-le
